// Jest Snapshot v1, https://goo.gl/fbAQLP

exports[`Component: test message here test snap shot 1`] = `
<div>
  <h1>
    Count: 
    0
  </h1>
  <button
    onClick={[Function]}
  >
    click
  </button>
</div>
`;
